// Jest Snapshot v1, https://goo.gl/fbAQLP

exports[`Content rendered renders correctly 1`] = `
<section
  className="/*cities__map*/ map"
  style={
    Object {
      "height": "100%",
      "width": "100%",
    }
  }
>
  <div
    style={
      Object {
        "height": "100%",
        "width": "100%",
      }
    }
  />
</section>
`;
